// Jest Snapshot v1, https://goo.gl/fbAQLP

exports[`Snapshot New Order snapshot 1`] = `
<View
  onLayout={[Function]}
  style={
    Array [
      Object {
        "backgroundColor": "#fff",
        "flex": 1,
        "flexDirection": "column",
        "fontFamily": "dosis-regular",
      },
      Object {
        "paddingBottom": 0,
      },
    ]
  }
>
  <View
    style={
      Object {
        "backgroundColor": "#fff",
        "flex": 1,
        "flexDirection": "column",
        "fontFamily": "dosis-regular",
      }
    }
  >
    <View
      style={
        Object {
          "flex": 1,
          "justifyContent": "center",
          "paddingTop": 30,
        }
      }
    >
      <View
        style={
          Object {
            "alignSelf": "center",
          }
        }
      >
        <Text />
        <Text
          style={
            Object {
              "fontFamily": "dosis-bold",
              "fontSize": 22,
              "paddingBottom": 10,
              "paddingTop": 0,
            }
          }
        >
          NUEVO PEDIDO 
        </Text>
      </View>
      <View>
        <View
          style={
            Object {
              "paddingLeft": 20,
              "paddingRight": 20,
              "paddingTop": 10,
            }
          }
        >
          <View>
            <View
              pointerEvents="none"
              style={
                Array [
                  Object {
                    "bottom": 0,
                    "left": 0,
                    "position": "absolute",
                    "right": 0,
                    "top": 6,
                  },
                  Object {
                    "backgroundColor": "#f6f6f6",
                    "borderColor": "rgba(0, 0, 0, 0.54)",
                    "borderRadius": 4,
                    "borderWidth": 1,
                  },
                ]
              }
            />
            <View
              style={
                Object {
                  "minHeight": 64,
                  "paddingBottom": 0,
                  "paddingTop": 8,
                }
              }
            >
              <View
                pointerEvents="none"
                style={
                  Object {
                    "bottom": 0,
                    "left": 0,
                    "opacity": 1,
                    "position": "absolute",
                    "right": 0,
                    "top": 0,
                    "transform": Array [
                      Object {
                        "translateX": 0,
                      },
                    ],
                  }
                }
              >
                <View
                  pointerEvents="none"
                  style={
                    Object {
                      "backgroundColor": "#f6f6f6",
                      "bottom": 0,
                      "height": 2,
                      "left": 10,
                      "opacity": 0,
                      "position": "absolute",
                      "right": 0,
                      "top": 6,
                      "transform": Array [
                        Object {
                          "translateX": 0,
                        },
                      ],
                      "width": 8,
                    }
                  }
                />
                <Text
                  numberOfLines={1}
                  style={
                    Object {
                      "backgroundColor": "#f6f6f6",
                      "color": "transparent",
                      "fontFamily": "System",
                      "fontSize": 16,
                      "fontWeight": undefined,
                      "left": 18,
                      "opacity": 0,
                      "paddingHorizontal": 0,
                      "position": "absolute",
                      "textAlign": "left",
                      "top": 37,
                      "transform": Array [
                        Object {
                          "translateX": 0,
                        },
                        Object {
                          "translateY": 0,
                        },
                        Object {
                          "scale": 1,
                        },
                        Object {
                          "scaleY": 1,
                        },
                      ],
                      "writingDirection": "ltr",
                    }
                  }
                >
                  Mesa
                </Text>
                <Text
                  numberOfLines={1}
                  onLayout={[Function]}
                  style={
                    Object {
                      "color": "#6200ee",
                      "fontFamily": "System",
                      "fontSize": 16,
                      "fontWeight": undefined,
                      "left": 0,
                      "opacity": 0,
                      "paddingHorizontal": 14,
                      "position": "absolute",
                      "textAlign": "left",
                      "top": 36,
                      "transform": Array [
                        Object {
                          "translateX": 0,
                        },
                        Object {
                          "translateY": 0,
                        },
                        Object {
                          "scale": 1,
                        },
                      ],
                      "writingDirection": "ltr",
                    }
                  }
                >
                  Mesa
                </Text>
                <Text
                  numberOfLines={1}
                  style={
                    Object {
                      "color": "rgba(0, 0, 0, 0.54)",
                      "fontFamily": "System",
                      "fontSize": 16,
                      "fontWeight": undefined,
                      "left": 0,
                      "opacity": 1,
                      "paddingHorizontal": 14,
                      "position": "absolute",
                      "textAlign": "left",
                      "top": 36,
                      "transform": Array [
                        Object {
                          "translateX": 0,
                        },
                        Object {
                          "translateY": 0,
                        },
                        Object {
                          "scale": 1,
                        },
                      ],
                      "writingDirection": "ltr",
                    }
                  }
                >
                  Mesa
                </Text>
              </View>
              <TextInput
                allowFontScaling={true}
                editable={true}
                keyboardType="numeric"
                multiline={false}
                onBlur={[Function]}
                onChangeText={[Function]}
                onFocus={[Function]}
                placeholder=""
                placeholderTextColor="rgba(0, 0, 0, 0.54)"
                rejectResponderTermination={true}
                selectionColor="#6200ee"
                style={
                  Array [
                    Object {
                      "flexGrow": 1,
                      "margin": 0,
                      "paddingHorizontal": 14,
                      "textAlign": "left",
                      "zIndex": 1,
                    },
                    Object {
                      "height": 56,
                    },
                    Object {
                      "paddingBottom": 0,
                      "paddingTop": 0,
                    },
                    Object {
                      "color": "#000000",
                      "fontFamily": "System",
                      "fontSize": 16,
                      "fontWeight": undefined,
                      "textAlignVertical": "center",
                    },
                  ]
                }
                underlineColorAndroid="transparent"
                value=""
              />
            </View>
          </View>
        </View>
      </View>
      <View>
        <View
          style={
            Object {
              "paddingLeft": 20,
              "paddingRight": 20,
              "paddingTop": 10,
            }
          }
        >
          <View>
            <View
              pointerEvents="none"
              style={
                Array [
                  Object {
                    "bottom": 0,
                    "left": 0,
                    "position": "absolute",
                    "right": 0,
                    "top": 6,
                  },
                  Object {
                    "backgroundColor": "#f6f6f6",
                    "borderColor": "rgba(0, 0, 0, 0.54)",
                    "borderRadius": 4,
                    "borderWidth": 1,
                  },
                ]
              }
            />
            <View
              style={
                Object {
                  "minHeight": 64,
                  "paddingBottom": 0,
                  "paddingTop": 8,
                }
              }
            >
              <View
                pointerEvents="none"
                style={
                  Object {
                    "bottom": 0,
                    "left": 0,
                    "opacity": 1,
                    "position": "absolute",
                    "right": 0,
                    "top": 0,
                    "transform": Array [
                      Object {
                        "translateX": 0,
                      },
                    ],
                  }
                }
              >
                <View
                  pointerEvents="none"
                  style={
                    Object {
                      "backgroundColor": "#f6f6f6",
                      "bottom": 0,
                      "height": 2,
                      "left": 10,
                      "opacity": 0,
                      "position": "absolute",
                      "right": 0,
                      "top": 6,
                      "transform": Array [
                        Object {
                          "translateX": 0,
                        },
                      ],
                      "width": 8,
                    }
                  }
                />
                <Text
                  numberOfLines={1}
                  style={
                    Object {
                      "backgroundColor": "#f6f6f6",
                      "color": "transparent",
                      "fontFamily": "System",
                      "fontSize": 16,
                      "fontWeight": undefined,
                      "left": 18,
                      "opacity": 0,
                      "paddingHorizontal": 0,
                      "position": "absolute",
                      "textAlign": "left",
                      "top": 37,
                      "transform": Array [
                        Object {
                          "translateX": 0,
                        },
                        Object {
                          "translateY": 0,
                        },
                        Object {
                          "scale": 1,
                        },
                        Object {
                          "scaleY": 1,
                        },
                      ],
                      "writingDirection": "ltr",
                    }
                  }
                >
                  Nombre
                </Text>
                <Text
                  numberOfLines={1}
                  onLayout={[Function]}
                  style={
                    Object {
                      "color": "#6200ee",
                      "fontFamily": "System",
                      "fontSize": 16,
                      "fontWeight": undefined,
                      "left": 0,
                      "opacity": 0,
                      "paddingHorizontal": 14,
                      "position": "absolute",
                      "textAlign": "left",
                      "top": 36,
                      "transform": Array [
                        Object {
                          "translateX": 0,
                        },
                        Object {
                          "translateY": 0,
                        },
                        Object {
                          "scale": 1,
                        },
                      ],
                      "writingDirection": "ltr",
                    }
                  }
                >
                  Nombre
                </Text>
                <Text
                  numberOfLines={1}
                  style={
                    Object {
                      "color": "rgba(0, 0, 0, 0.54)",
                      "fontFamily": "System",
                      "fontSize": 16,
                      "fontWeight": undefined,
                      "left": 0,
                      "opacity": 1,
                      "paddingHorizontal": 14,
                      "position": "absolute",
                      "textAlign": "left",
                      "top": 36,
                      "transform": Array [
                        Object {
                          "translateX": 0,
                        },
                        Object {
                          "translateY": 0,
                        },
                        Object {
                          "scale": 1,
                        },
                      ],
                      "writingDirection": "ltr",
                    }
                  }
                >
                  Nombre
                </Text>
              </View>
              <TextInput
                allowFontScaling={true}
                editable={true}
                multiline={false}
                onBlur={[Function]}
                onChangeText={[Function]}
                onFocus={[Function]}
                placeholder=""
                placeholderTextColor="rgba(0, 0, 0, 0.54)"
                rejectResponderTermination={true}
                selectionColor="#6200ee"
                style={
                  Array [
                    Object {
                      "flexGrow": 1,
                      "margin": 0,
                      "paddingHorizontal": 14,
                      "textAlign": "left",
                      "zIndex": 1,
                    },
                    Object {
                      "height": 56,
                    },
                    Object {
                      "paddingBottom": 0,
                      "paddingTop": 0,
                    },
                    Object {
                      "color": "#000000",
                      "fontFamily": "System",
                      "fontSize": 16,
                      "fontWeight": undefined,
                      "textAlignVertical": "center",
                    },
                  ]
                }
                underlineColorAndroid="transparent"
                value=""
              />
            </View>
          </View>
        </View>
      </View>
      <View
        style={
          Object {
            "marginBottom": "10%",
            "marginTop": "4%",
          }
        }
      >
        <View
          height={50}
          style={
            Object {
              "backgroundColor": "rgba(0, 0, 0, 0.12)",
              "borderColor": "transparent",
              "borderRadius": 4,
              "borderStyle": "solid",
              "borderWidth": 0,
              "elevation": 0,
              "fontFamily": "dosis",
              "justifyContent": "center",
              "marginLeft": "5%",
              "marginRight": "5%",
              "minWidth": 64,
            }
          }
        >
          <View
            accessibilityRole="button"
            accessibilityStates={
              Array [
                "disabled",
              ]
            }
            accessible={true}
            focusable={true}
            isTVSelectable={true}
            onClick={[Function]}
            onResponderGrant={[Function]}
            onResponderMove={[Function]}
            onResponderRelease={[Function]}
            onResponderTerminate={[Function]}
            onResponderTerminationRequest={[Function]}
            onStartShouldSetResponder={[Function]}
            style={
              Array [
                Object {
                  "overflow": "hidden",
                },
                Object {
                  "borderRadius": 4,
                },
              ]
            }
          >
            <View
              style={
                Array [
                  Object {
                    "alignItems": "center",
                    "flexDirection": "row",
                    "justifyContent": "center",
                  },
                  undefined,
                ]
              }
            >
              <View
                style={
                  Object {
                    "marginLeft": 12,
                    "marginRight": -4,
                    "width": 16,
                  }
                }
              >
                <Text />
              </View>
              <Text
                numberOfLines={1}
                style={
                  Array [
                    Object {
                      "color": "#000000",
                      "fontFamily": "System",
                      "fontWeight": "400",
                      "textAlign": "left",
                    },
                    Array [
                      Object {
                        "letterSpacing": 1,
                        "marginHorizontal": 16,
                        "marginVertical": 9,
                        "textAlign": "center",
                      },
                      undefined,
                      Object {
                        "textTransform": "uppercase",
                      },
                      Object {
                        "color": "rgba(0, 0, 0, 0.32)",
                        "fontFamily": "System",
                        "fontWeight": "500",
                      },
                      Object {
                        "fontFamily": "System",
                        "fontWeight": "500",
                      },
                      Object {
                        "fontFamily": "dosis-bold",
                        "fontSize": 15,
                      },
                    ],
                  ]
                }
              >
                CONTINUAR
              </Text>
            </View>
          </View>
        </View>
      </View>
    </View>
  </View>
</View>
`;
